// Jest Snapshot v1, https://goo.gl/fbAQLP

exports[`useDestinationPicker should return the correct initial state 1`] = `
{
  "bucket": "bucket",
  "currentPage": 1,
  "hasError": false,
  "hasNextToken": true,
  "highestPageVisited": 1,
  "isLoading": false,
  "items": [
    {
      "id": "id",
      "key": "prefix1/",
      "lastModified": "2024-11-11T20:36:56.436Z",
      "size": 10,
      "type": "FOLDER",
    },
    {
      "id": "id",
      "key": "prefix2/",
      "lastModified": "2024-11-11T20:36:56.436Z",
      "size": 10,
      "type": "FOLDER",
    },
  ],
  "message": undefined,
  "onPaginate": [Function],
  "onSearch": [Function],
  "pageItems": [
    {
      "id": "id",
      "key": "prefix1/",
      "lastModified": "2024-11-11T20:36:56.436Z",
      "size": 10,
      "type": "FOLDER",
    },
    {
      "id": "id",
      "key": "prefix2/",
      "lastModified": "2024-11-11T20:36:56.436Z",
      "size": 10,
      "type": "FOLDER",
    },
  ],
}
`;
